------------------------------------
Tue 08 Sep 2026 02:10:20 IDT
SLURM_JOBID:		21109494
SLURM_JOB_NODELIST:	cs-cpu-05
SLURM_SCRATCH_DIR:	
Allocated Resouces:	cpu - 2 / mem - 8192 MB / gpu - 
SLURM_GPU_INDEX:	
Running as nissimb from keasar account with normal QOS
------------------------------------
checkpoints: 10   mean matched (SASA-verified) rows: 26329
ALL slopes below are WITHIN-PROTEIN (per-protein mean removed from t and p).

==============================================================================
P1  GLOBAL AND PER-DESTINATION SLOPE, WITHIN-PROTEIN CENTRED
==============================================================================
global within-protein: slope 0.2626  pearson 0.5033  spearman 0.4434

res        n      KD      vol    slope   pearson  spearman
W       1395    -0.9    227.8   0.1836    0.3955    0.3170
Y       1363    -1.3    193.6   0.1888    0.4138    0.3430
F       1385     2.8    189.9   0.1604    0.3435    0.2887
R       1319    -4.5    173.4   0.2737    0.5377    0.4954
K       1234    -3.9    168.6   0.2860    0.5267    0.4896
I       1352     4.5    166.7   0.1843    0.3687    0.3205
L       1286     3.8    166.7   0.1624    0.3437    0.2710
M       1384     1.9    162.9   0.1865    0.3731    0.3258
H       1388    -3.2    153.2   0.2771    0.5415    0.4810
Q       1348    -3.5    143.8   0.2838    0.5408    0.4943
V       1318     4.2    140.0   0.1792    0.3724    0.3289
E       1211    -3.5    138.4   0.2823    0.5525    0.5248
T       1346    -0.7    116.1   0.2553    0.4936    0.4541
N       1321    -3.5    114.1   0.2914    0.5499    0.5141
P       1259    -1.6    112.7   0.2755    0.5016    0.5326
D       1272    -3.5    111.1   0.2835    0.5525    0.5462
C       1203     2.5    108.5   0.1427    0.3386    0.3149
S       1339    -0.8     89.0   0.2765    0.5462    0.4923
A       1314     1.8     88.6   0.2175    0.4767    0.4379
G       1292    -0.4     60.1   0.2733    0.5042    0.5064

centred slope     r(KD)=-0.7654  r(vol)=-0.3724  part(vol|KD)=-0.5616  part(KD|vol)=-0.8115
centred spearman  r(KD)=-0.7617  r(vol)=-0.4979  part(vol|KD)=-0.7248  part(KD|vol)=-0.8579

==============================================================================
P3  VOLUME WITHIN CHEMICAL CLASS -- the clean bulk test
==============================================================================
If BULK is the mechanism, volume must predict slope INSIDE each class.
  hydrophobic AVILMFWCY  n_res= 9  r(slope,vol)=-0.1093 [-0.2881,0.0066]  r(spearman,vol)=-0.4364  sign<0: 8/10
     A(89,0.218)  C(108,0.143)  V(140,0.179)  M(163,0.186)  I(167,0.184)  L(167,0.162)  F(190,0.160)  Y(194,0.189)  W(228,0.184)
  polar DEKRNQSTHG       n_res=10  r(slope,vol)=+0.1542 [-0.1030,0.2871]  r(spearman,vol)=-0.1341  sign<0: 1/10
     G(60,0.273)  S(89,0.277)  D(111,0.284)  N(114,0.291)  T(116,0.255)  E(138,0.282)  Q(144,0.284)  H(153,0.277)  K(169,0.286)  R(173,0.274)

  class means:
    hydrophobic  mean slope 0.1784  mean vol 160.5
    polar        mean slope 0.2783  mean vol 126.8

==============================================================================
P2  BURIAL, WITH THE RANGE-RESTRICTION CONTROL VISIBLE
==============================================================================
bucket           n    slope   pearson  spearman  var_true
buried        8627   0.2810    0.4860    0.4921    1.2804
mid           8921   0.2389    0.4404    0.3753    0.6597
exposed       8781   0.1980    0.3556    0.2923    0.3865

--- burial x class, WITHIN-PROTEIN centred (the packing prediction) ---
the packing story predicts: buried BIG-HYDROPHOBIC is the WORST cell.
bucket    class                 n    slope   pearson  var_true
buried    big-phobic FILMWY     2674   0.1925    0.4087    0.9312
buried    small AGSVTCP      2937   0.2760    0.4760    1.2090
buried    polar DEKRNQH      3016   0.2873    0.4713    1.3162
mid       big-phobic FILMWY     2746   0.1725    0.3231    0.4700
mid       small AGSVTCP      3077   0.2541    0.4689    0.8211
mid       polar DEKRNQH      3098   0.2433    0.4605    0.6167
exposed   big-phobic FILMWY     2745   0.1538    0.2733    0.2819
exposed   small AGSVTCP      3057   0.2260    0.4153    0.5581
exposed   polar DEKRNQH      2979   0.1773    0.3243    0.2965

  INTERACTION: (polar - big-phobic) slope gap, per bucket:
    buried    gap = 0.0947  (polar 0.2873 - phobic 0.1925)
    mid       gap = 0.0708  (polar 0.2433 - phobic 0.1725)
    exposed   gap = 0.0235  (polar 0.1773 - phobic 0.1538)

==============================================================================
P4  DELTA features: does the CHANGE in bulk/hydropathy explain it better?
==============================================================================
bin mutations by d(vol) = vol[dst]-vol[src] and by d(KD), fit slope per bin
  --- d_volume ---
  bin                     n    slope  spearman
  [-120.0, -60.0)     2883   0.2645    0.5137
  [ -60.0, -20.0)     7142   0.2818    0.4992
  [ -20.0,  20.0)     4766   0.2762    0.4170
  [  20.0,  60.0)     7264   0.2276    0.3683
  [  60.0, 120.0)     3670   0.2194    0.3829
  --- d_KD ---
  bin                     n    slope  spearman
  [  -6.0,  -3.0)     3913   0.2733    0.5331
  [  -3.0,  -1.0)     3215   0.2188    0.4366
  [  -1.0,   1.0)     5817   0.2038    0.3518
  [   1.0,   3.0)     3736   0.2264    0.3768
  [   3.0,   6.0)     4041   0.1905    0.3296

  mutation-level: corr(signed pred error, d_vol) and (d_KD), pooled centred
    abl_anchor_w0.3_s42_e14.csv            r(err,dvol)=+0.0009  r(err,dKD)=-0.0523  n=26329
    abl_anchor_w1.0_s42_e14.csv            r(err,dvol)=+0.0112  r(err,dKD)=-0.0540  n=26329
    abl_anchor_w3.0_s42_e13.csv            r(err,dvol)=-0.1397  r(err,dKD)=-0.3401  n=26329

wrote results/sidechain_mech2.json
